
> my-v0-project@0.1.0 build D:\inventory-management-system
> next build

node.exe : [baseline-browser-mapping] The data in this module is over two month
s old.  To ensure accurate Baseline data, please update: `npm i baseline-browse
r-mapping@latest -D`
位於 C:\Users\tsownimadeb\AppData\Roaming\npm\pnpm.ps1:24 字元:5
+     & "node$exe"  "$basedir/node_modules/pnpm/bin/pnpm.cjs" $args
+     ~~~~~~~~~~~~~~~~~~~~~~~~~~~~~~~~~~~~~~~~~~~~~~~~~~~~~~~~~~~~~
    + CategoryInfo          : NotSpecified: ([baseline-brows...ping@latest -D` 
   :String) [], RemoteException
    + FullyQualifiedErrorId : NativeCommandError
 
   ??Next.js 16.0.10 (Turbopack)
   - Environments: .env.local

   Creating an optimized production build ...
[baseline-browser-mapping] The data in this module is over two months old.  To 
ensure accurate Baseline data, please update: `npm i baseline-browser-mapping@l
atest -D`
 ??Compiled successfully in 4.7s
   Skipping validation of types
   Collecting page data using 11 workers ...
[baseline-browser-mapping] The data in this module is over two months old.  To 
ensure accurate Baseline data, please update: `npm i baseline-browser-mapping@l
atest -D`
[baseline-browser-mapping] The data in this module is over two months old.  To 
ensure accurate Baseline data, please update: `npm i baseline-browser-mapping@l
atest -D`
[baseline-browser-mapping] The data in this module is over two months old.  To 
ensure accurate Baseline data, please update: `npm i baseline-browser-mapping@l
atest -D`
[baseline-browser-mapping] The data in this module is over two months old.  To 
ensure accurate Baseline data, please update: `npm i baseline-browser-mapping@l
atest -D`
[baseline-browser-mapping] The data in this module is over two months old.  To 
ensure accurate Baseline data, please update: `npm i baseline-browser-mapping@l
atest -D`
[baseline-browser-mapping] The data in this module is over two months old.  To 
ensure accurate Baseline data, please update: `npm i baseline-browser-mapping@l
atest -D`
[baseline-browser-mapping] The data in this module is over two months old.  To 
ensure accurate Baseline data, please update: `npm i baseline-browser-mapping@l
atest -D`
[baseline-browser-mapping] The data in this module is over two months old.  To 
ensure accurate Baseline data, please update: `npm i baseline-browser-mapping@l
atest -D`
[baseline-browser-mapping] The data in this module is over two months old.  To 
ensure accurate Baseline data, please update: `npm i baseline-browser-mapping@l
atest -D`
[baseline-browser-mapping] The data in this module is over two months old.  To 
ensure accurate Baseline data, please update: `npm i baseline-browser-mapping@l
atest -D`
[baseline-browser-mapping] The data in this module is over two months old.  To 
ensure accurate Baseline data, please update: `npm i baseline-browser-mapping@l
atest -D`
   Generating static pages using 11 workers (0/33) ...
[baseline-browser-mapping] The data in this module is over two months old.  To 
ensure accurate Baseline data, please update: `npm i baseline-browser-mapping@l
atest -D`
[baseline-browser-mapping] The data in this module is over two months old.  To 
ensure accurate Baseline data, please update: `npm i baseline-browser-mapping@l
atest -D`
ARPage fatal error: {
  message: "Dynamic server usage: Route /accounts-receivable couldn't be render
ed statically because it used `cookies`. See more info here: https://nextjs.org
/docs/messages/dynamic-server-error",
  error: Error: Dynamic server usage: Route /accounts-receivable couldn't be re
ndered statically because it used `cookies`. See more info here: https://nextjs
.org/docs/messages/dynamic-server-error
      at x (D:\inventory-management-system\.next\server\chunks\ssr\_20ca398a._.
js:1:15897)
      at n (D:\inventory-management-system\.next\server\chunks\ssr\_20ca398a._.
js:4:6771)
      at cs (D:\inventory-management-system\.next\server\chunks\ssr\_20ca398a._
.js:58:73)
      at e (D:\inventory-management-system\.next\server\chunks\ssr\[root-of-the
-server]__3cfbe488._.js:1:1413)
      at stringify (<anonymous>) {
    description: "Route /accounts-receivable couldn't be rendered statically be
cause it used `cookies`. See more info here: https://nextjs.org/docs/messages/d
ynamic-server-error",
    digest: 'DYNAMIC_SERVER_USAGE'
  }
}
   Generating static pages using 11 workers (8/33) 
   Generating static pages using 11 workers (16/33) 
   Generating static pages using 11 workers (24/33) 
 ??Generating static pages using 11 workers (33/33) in 855.3ms
   Finalizing page optimization ...

Route (app)
????/
????/_not-found
??? /accounts-payable
??? /accounts-payable/checks
??? /accounts-receivable
??? /accounts-receivable/checks
??? /api/auth/login
??? /api/auth/logout
??? /api/backups/business-export
??? /api/backups/business-export-csv
??? /api/backups/business-import
??? /api/backups/git-bundle
??? /api/backups/open-folder
??? /api/customers/purchase-history/timeline-export
??? /api/products/recalculate-stock
??? /api/purchase-returns
??? /customers
??? /customers/purchase-history
??? /diagnostics
????/login
??? /products
??? /products/profit-analysis
????/purchase-returns
??? /purchases
??? /purchases/analysis
????/purchases/returns
??? /sales
????/sales-returns
??? /sales/analysis
??? /sales/print/today
????/sales/returns
??? /suppliers


? Proxy (Middleware)

?? (Static)   prerendered as static content
?  (Dynamic)  server-rendered on demand

